Flutter crash report.
Please report a bug at https://github.com/flutter/flutter/issues.

## command

flutter analyze

## exception

_Exception: Exception: analysis server exited with code -1073740791 and output:
[stderr]   pc 0x00000281454cdab2 fp 0x000000eea44feb28 sp 0x000000eea44feae0 [Optimized] _rootRunUnary@5048458+0x92
[stderr]   pc 0x00000281454ac765 fp 0x000000eea44febb8 sp 0x000000eea44feb38 [Optimized] _FutureListener@5048458.handleValue+0x295
[stderr]   pc 0x000002817b5cfdd0 fp 0x000000eea44fec50 sp 0x000000eea44febc8 [Optimized] _Future@5048458._propagateToListeners@5048458.handleValueCallback+0xc0
[stderr]   pc 0x000002817b594bcc fp 0x000000eea44fecc0 sp 0x000000eea44fec60 [Optimized] _Future@5048458._propagateToListeners@5048458+0x2dc
[stderr]   pc 0x000002817b5d0944 fp 0x000000eea44fed10 sp 0x000000eea44fecd0 [Unoptimized] _Future@5048458._completeWithResultOf@5048458+0x1a4
[stderr]   pc 0x000002817b5d0759 fp 0x000000eea44fed48 sp 0x000000eea44fed20 [Unoptimized] _Future@5048458._propagateToListeners@5048458.handleWhenCompleteCallback.<anonymous closure>+0x89
[stderr]   pc 0x00000281290f19af fp 0x000000eea44fede8 sp 0x000000eea44fed58 [Optimized] _rootRunUnary@5048458+0x7f
[stderr]   pc 0x00000281454cdab2 fp 0x000000eea44fee40 sp 0x000000eea44fedf8 [Optimized] _rootRunUnary@5048458+0x92
[stderr]   pc 0x00000281454ac765 fp 0x000000eea44feed0 sp 0x000000eea44fee50 [Optimized] _FutureListener@5048458.handleValue+0x295
[stderr]   pc 0x000002817b5cfdd0 fp 0x000000eea44fef68 sp 0x000000eea44feee0 [Optimized] _Future@5048458._propagateToListeners@5048458.handleValueCallback+0xc0
[stderr]   pc 0x000002817b594bcc fp 0x000000eea44fefd8 sp 0x000000eea44fef78 [Optimized] _Future@5048458._propagateToListeners@5048458+0x2dc
[stderr]   pc 0x00000281b81f2c2d fp 0x000000eea44ff028 sp 0x000000eea44fefe8 [Optimized] _Future@5048458._asyncCompleteWithValue@5048458.<anonymous closure>+0xcd
[stderr]   pc 0x0000028115517ba8 fp 0x000000eea44ff0c0 sp 0x000000eea44ff038 [Optimized] _rootRun@5048458+0x108
[stderr]   pc 0x000002815a4ddc99 fp 0x000000eea44ff110 sp 0x000000eea44ff0d0 [Optimized] _rootRun@5048458+0x89
[stderr]   pc 0x000002815a4de645 fp 0x000000eea44ff1c0 sp 0x000000eea44ff120 [Optimized] _CustomZone@5048458.runGuarded+0xe5
[stderr]   pc 0x000002815a4f57c4 fp 0x000000eea44ff1f8 sp 0x000000eea44ff1d0 [Optimized] _CustomZone@5048458.bindCallbackGuarded.<anonymous closure>+0x44
[stderr]   pc 0x00000281cab254c3 fp 0x000000eea44ff268 sp 0x000000eea44ff208 [Optimized] _startMicrotaskLoop@5048458+0x133
[stderr]   pc 0x000002817c2302f3 fp 0x000000eea44ff290 sp 0x000000eea44ff278 [Optimized] _startMicrotaskLoop@5048458+0x33
[stderr]   pc 0x000002817c2b92ef fp 0x000000eea44ff2d8 sp 0x000000eea44ff2a0 [Optimized] _RawReceivePort@1026248._handleMessage@1026248+0x15f
[stderr]   pc 0x000002817c78318f fp 0x000000eea44ff400 sp 0x000000eea44ff2e8 [Stub] Entry frame

```
```

## flutter doctor

```
[✓] Flutter (Channel stable, 3.41.9, on Microsoft Windows [Version 10.0.19045.6466], locale en-US) [28.8s]
    • Flutter version 3.41.9 on channel stable at C:\Users\dell\Desktop\android app\flutter
    • Upstream repository https://github.com/flutter/flutter.git
    • Framework revision 00b0c91f06 (13 days ago), 2026-04-29 10:03:19 -0700
    • Engine revision 42d3d75a56
    • Dart version 3.11.5
    • DevTools version 2.54.2
    • Feature flags: enable-web, enable-linux-desktop, enable-macos-desktop, enable-windows-desktop, enable-android, enable-ios, cli-animations, enable-native-assets, omit-legacy-version-file, enable-lldb-debugging, enable-uiscene-migration

[✓] Windows Version (10 Pro 64-bit, 22H2, 2009) [48.0s]

[!] Android toolchain - develop for Android devices (Android SDK version 36.1.0) [25.5s]
    • Android SDK at C:\Users\dell\AppData\Local\Android\sdk
    • Emulator version 36.5.11.0 (build_id 15261927) (CL:N/A)
    ✗ cmdline-tools component is missing.
      Try installing or updating Android Studio.
      Alternatively, download the tools from https://developer.android.com/studio#command-line-tools-only and make sure to set the ANDROID_HOME environment variable.
      See https://developer.android.com/studio/command-line for more details.
    ✗ Android license status unknown.
      Run `flutter doctor --android-licenses` to accept the SDK licenses.
      See https://flutter.dev/to/windows-android-setup for more details.

[✓] Chrome - develop for the web [7.1s]
    • Chrome at C:\Program Files\Google\Chrome\Application\chrome.exe

[!] Visual Studio - develop Windows apps (Visual Studio Build Tools 2026 18.4.3) [7.1s]
    • Visual Studio at C:\Program Files (x86)\Microsoft Visual Studio\18\BuildTools
    • Visual Studio Build Tools 2026 version 18.4.11626.88
    ✗ Visual Studio is missing necessary components. Please re-run the Visual Studio installer for the "Desktop development with C++" workload, and include these components:
        MSVC v142 - VS 2019 C++ x64/x86 build tools
         - If there are multiple build tool versions available, install the latest
        C++ CMake tools for Windows
        Windows 10 SDK

[✓] Connected device (3 available) [3.3s]
    • Windows (desktop) • windows • windows-x64    • Microsoft Windows [Version 10.0.19045.6466]
    • Chrome (web)      • chrome  • web-javascript • Google Chrome 147.0.7727.138
    • Edge (web)        • edge    • web-javascript • Microsoft Edge 148.0.3967.54

[✓] Network resources [1,960ms]
    • All expected network resources are available.

! Doctor found issues in 2 categories.
```
